
.. _setup: https://qta-testbase.readthedocs.io/zh/latest/setup.html
.. |setup| replace:: Testbase使用前准备

.. _project: https://qta-testbase.readthedocs.io/zh/latest/project.html
.. |project| replace:: Testbase创建和修改测试项目

.. _testcase: https://qta-testbase.readthedocs.io/zh/latest/testcase.html
.. |testcase| replace:: Testbase设计测试用例

.. _qtaf-testcase: https://qta-testbase.readthedocs.io/zh/latest/api/testcase.html
.. |qtaf-testcase| replace:: TestCase

.. _qtaf-qpath: https://qta-tuia.readthedocs.io/zh/latest/qpath.html
.. |qtaf-qpath| replace:: QPath语法和使用

.. _qa-m2: https://gitlab.com/m2crypto/m2crypto/blob/master/INSTALL.rst
.. |qa-m2| replace:: M2crypto官网帮助文档

.. _iosuispy: https://github.com/qtacore/iOSUISpy
.. |iosuispy| replace:: UISpy

.. _theos: https://github.com/theos/theos
.. |theos| replace:: theos

.. _monkey: https://github.com/AloneMonkey/MonkeyDev
.. |monkey| replace:: MonkeyDev

.. _logos: http://iphonedevwiki.net/index.php/Logos
.. |logos| replace:: Logos

.. _insert: https://github.com/Tyilo/insert_dylib
.. |insert| replace:: insert_dylib

.. _machoview: https://sourceforge.net/projects/machoview/
.. |machoview| replace:: machoview

.. _appsigner: https://github.com/DanTheMan827/ios-app-signer/releases
.. |appsigner| replace:: ios-app-signer

.. _qt4w: https://qt4w.readthedocs.io/zh_CN/latest/index.html
.. |qt4w| replace:: qt4w

.. _fbsimctl: https://github.com/facebook/FBSimulatorControl/blob/master/fbsimctl/README.md
.. |fbsimctl| replace:: fbsimctl
